  Determining projects to restore...
  All projects are up-to-date for restore.
  RateOple.Constants -> D:\RateOple\backend\RateOple.Constants\bin\Debug\net9.0\RateOple.Constants.dll
  RateOple.Infrastructure -> D:\RateOple\backend\RateOple.Infrastructure\bin\Debug\net9.0\RateOple.Infrastructure.dll
  RateOple.Core -> D:\RateOple\backend\RateOple.Core\bin\Debug\net9.0\RateOple.Core.dll
D:\RateOple\backend\RateOple\Program.cs(18,13): error CS1061: 'DbContextOptionsBuilder' does not contain a definition for 'UseSqlServer' and no accessible extension method 'UseSqlServer' accepting a first argument of type 'DbContextOptionsBuilder' could be found (are you missing a using directive or an assembly reference?) [D:\RateOple\backend\RateOple\RateOple.csproj]
D:\RateOple\backend\RateOple\Program.cs(59,28): error CS0246: The type or namespace name 'IFollowService' could not be found (are you missing a using directive or an assembly reference?) [D:\RateOple\backend\RateOple\RateOple.csproj]
D:\RateOple\backend\RateOple\Program.cs(59,18): error CS0311: The type 'RateOple.Core.Services.FollowService' cannot be used as type parameter 'TImplementation' in the generic type or method 'ServiceCollectionServiceExtensions.AddScoped<TService, TImplementation>(IServiceCollection)'. There is no implicit reference conversion from 'RateOple.Core.Services.FollowService' to 'IFollowService'. [D:\RateOple\backend\RateOple\RateOple.csproj]
D:\RateOple\backend\RateOple\Program.cs(60,28): error CS0246: The type or namespace name 'IVisibilityService' could not be found (are you missing a using directive or an assembly reference?) [D:\RateOple\backend\RateOple\RateOple.csproj]
D:\RateOple\backend\RateOple\Program.cs(60,18): error CS0311: The type 'RateOple.Core.Services.VisibilityService' cannot be used as type parameter 'TImplementation' in the generic type or method 'ServiceCollectionServiceExtensions.AddScoped<TService, TImplementation>(IServiceCollection)'. There is no implicit reference conversion from 'RateOple.Core.Services.VisibilityService' to 'IVisibilityService'. [D:\RateOple\backend\RateOple\RateOple.csproj]

Build FAILED.

D:\RateOple\backend\RateOple\Program.cs(18,13): error CS1061: 'DbContextOptionsBuilder' does not contain a definition for 'UseSqlServer' and no accessible extension method 'UseSqlServer' accepting a first argument of type 'DbContextOptionsBuilder' could be found (are you missing a using directive or an assembly reference?) [D:\RateOple\backend\RateOple\RateOple.csproj]
D:\RateOple\backend\RateOple\Program.cs(59,28): error CS0246: The type or namespace name 'IFollowService' could not be found (are you missing a using directive or an assembly reference?) [D:\RateOple\backend\RateOple\RateOple.csproj]
D:\RateOple\backend\RateOple\Program.cs(59,18): error CS0311: The type 'RateOple.Core.Services.FollowService' cannot be used as type parameter 'TImplementation' in the generic type or method 'ServiceCollectionServiceExtensions.AddScoped<TService, TImplementation>(IServiceCollection)'. There is no implicit reference conversion from 'RateOple.Core.Services.FollowService' to 'IFollowService'. [D:\RateOple\backend\RateOple\RateOple.csproj]
D:\RateOple\backend\RateOple\Program.cs(60,28): error CS0246: The type or namespace name 'IVisibilityService' could not be found (are you missing a using directive or an assembly reference?) [D:\RateOple\backend\RateOple\RateOple.csproj]
D:\RateOple\backend\RateOple\Program.cs(60,18): error CS0311: The type 'RateOple.Core.Services.VisibilityService' cannot be used as type parameter 'TImplementation' in the generic type or method 'ServiceCollectionServiceExtensions.AddScoped<TService, TImplementation>(IServiceCollection)'. There is no implicit reference conversion from 'RateOple.Core.Services.VisibilityService' to 'IVisibilityService'. [D:\RateOple\backend\RateOple\RateOple.csproj]
    0 Warning(s)
    5 Error(s)

Time Elapsed 00:00:01.72
